0,0.0,0.0,0.0,{'StreetName': {'p': 0.0, 'r': 0.0, 'f': 0.0}}
